<html>
<body>
<pre>
<h1>µVision Build Log</h1>
<h2>Tool Versions:</h2>
IDE-Version: ¦ÌVision V5.23.0.0
Copyright (C) 2017 ARM Ltd and ARM Germany GmbH. All rights reserved.
License Information: zhouzi zhouzi, beijing, LIC=7YKHL-0C94J-RCBJZ-JIHD3-M43UG-VYS7G
 
Tool Versions:
Toolchain:       MDK-ARM Professional  Version: 5.23
Toolchain Path:  D:\Program Files (x86)\keil\ARM\ARMCC\Bin
C Compiler:      Armcc.exe V5.06 update 4 (build 422)
Assembler:       Armasm.exe V5.06 update 4 (build 422)
Linker/Locator:  ArmLink.exe V5.06 update 4 (build 422)
Library Manager: ArmAr.exe V5.06 update 4 (build 422)
Hex Converter:   FromElf.exe V5.06 update 4 (build 422)
CPU DLL:         SARMCM3.DLL V5.23
Dialog DLL:      DARMSTM.DLL V1.68.0.0
Target DLL:      CMSIS_AGDI.dll V1.27.5.0
Dialog DLL:      TARMSTM.DLL V1.66.0.0
 
<h2>Project:</h2>
C:\Users\aqin\Desktop\Initial_D2\Initial_D2\Initial_D\USER\Initial_D.uvprojx
Project File Date:  07/06/2017

<h2>Output:</h2>
*** Using Compiler 'V5.06 update 4 (build 422)', folder: 'D:\Program Files (x86)\keil\ARM\ARMCC\Bin'
Rebuild target 'Initial_D'
compiling stm32f10x_it.c...
compiling system_stm32f10x.c...
compiling main.c...
main.c(37): warning:  #177-D: variable "t"  was declared but never referenced
  	u8 t=0;
main.c: 1 warning, 0 errors
compiling beep.c...
compiling led.c...
compiling key.c...
..\HARDWARE\KEY\key.c(75): warning:  #940-D: missing return statement at end of non-void function "KEY_Scan" 
  }
..\HARDWARE\KEY\key.c(89): warning:  #940-D: missing return statement at end of non-void function "Swith_Scan" 
  }
..\HARDWARE\KEY\key.c(78): warning:  #550-D: variable "swith_on"  was set but never used
  {static u8 swith_on=1;
..\HARDWARE\KEY\key.c(96): warning:  #940-D: missing return statement at end of non-void function "Voltage_Scan" 
  }
..\HARDWARE\KEY\key.c(91): warning:  #550-D: variable "voltage_dect"  was set but never used
  {static u8 voltage_dect=1;
..\HARDWARE\KEY\key.c(103): warning:  #940-D: missing return statement at end of non-void function "SWITCH1_Scan" 
  }
..\HARDWARE\KEY\key.c: 6 warnings, 0 errors
compiling adc.c...
compiling dac.c...
compiling exti.c...
compiling 24cxx.c...
compiling flash.c...
compiling myiic.c...
compiling spi.c...
compiling ctiic.c...
compiling ott2001a.c...
compiling core_cm3.c...
compiling touch.c...
assembling startup_stm32f10x_hd.s...
compiling lcd.c...
compiling misc.c...
compiling stm32f10x_bkp.c...
compiling stm32f10x_adc.c...
compiling stm32f10x_can.c...
compiling stm32f10x_cec.c...
compiling stm32f10x_crc.c...
compiling stm32f10x_dac.c...
compiling stm32f10x_dbgmcu.c...
compiling stm32f10x_dma.c...
compiling stm32f10x_exti.c...
compiling stm32f10x_flash.c...
compiling stm32f10x_fsmc.c...
compiling stm32f10x_gpio.c...
compiling stm32f10x_iwdg.c...
compiling stm32f10x_i2c.c...
compiling stm32f10x_pwr.c...
compiling stm32f10x_rtc.c...
compiling stm32f10x_rcc.c...
compiling stm32f10x_sdio.c...
compiling stm32f10x_spi.c...
compiling stm32f10x_tim.c...
compiling stm32f10x_usart.c...
compiling stm32f10x_wwdg.c...
compiling delay.c...
compiling usart.c...
compiling sys.c...
compiling usmart.c...
compiling usmart_config.c...
compiling usmart_str.c...
linking...
Program Size: Code=32850 RO-data=3230 RW-data=384 ZI-data=1848  
FromELF: creating hex file...
"..\OBJ\Initial_D.axf" - 0 Error(s), 7 Warning(s).

<h2>Collection of Component include folders:</h2>
  .\RTE\_Initial_D
  D:\Program Files (x86)\keil\ARM\PACK\Keil\STM32F1xx_DFP\2.2.0\Device\Include

<h2>Collection of Component Files used:</h2>
Build Time Elapsed:  00:00:15
</pre>
</body>
</html>
